=== Benchmark start: N=10, batch=BENCH-10, 2026-08-27T21:55:32Z ===
=== Registration phase done for N=10 at 2026-08-27T21:55:54Z; running TriggerRecall on BENCH-10 ===
=== Benchmark N=10 complete at 2026-08-27T21:55:56Z ===
=== Benchmark start: N=100, batch=BENCH-100, 2026-08-27T21:56:29Z ===
  ...50/100 registered (21:58:16)
  ...100/100 registered (22:00:03)
=== Registration phase done for N=100 at 2026-08-27T22:00:03Z; running TriggerRecall on BENCH-100 ===
=== Benchmark N=100 complete at 2026-08-27T22:00:05Z ===
=== Benchmark start: N=1000, batch=BENCH-1000, 2026-08-27T22:00:15Z ===
=== Benchmark start: N=1000, batch=BENCH-1000B, 2026-08-27T22:02:01Z ===
  ...50/1000 registered (22:03:48)
  ...100/1000 registered (22:05:35)
  ...150/1000 registered (22:07:23)
  ...200/1000 registered (22:09:10)
  ...250/1000 registered (22:10:57)
  ...300/1000 registered (22:12:44)
  ...350/1000 registered (22:14:31)
  ...400/1000 registered (22:16:17)
  ...450/1000 registered (22:18:04)
  ...500/1000 registered (22:19:51)
  ...550/1000 registered (22:21:38)
  ...600/1000 registered (22:23:25)
  ...650/1000 registered (22:25:12)
  ...700/1000 registered (22:26:59)
  ...750/1000 registered (22:28:47)
  ...800/1000 registered (22:30:34)
  ...850/1000 registered (22:32:21)
  ...900/1000 registered (22:34:08)
  ...950/1000 registered (22:35:55)
  ...1000/1000 registered (22:37:42)
=== Registration phase done for N=1000 at 2026-08-27T22:37:42Z; running TriggerRecall on BENCH-1000B ===
=== Benchmark N=1000 complete at 2026-08-27T22:37:45Z ===
